


To test:

>cd geometry
>python

import doctest
doctest.testfile("test/testScalar.txt")

You might need to reload after a fix.



 >>> from geometryFramed.scalar import Dimension



Scalar
------

Frames
======

Scalars have a frame

>>> sa = Dimension(1, "A")
>>> sa
Dimension(1, 'A')


Scalars are internally int or float

>>> sb = Dimension(1.0, "A")
>>> sb
Dimension(1.0, 'A')


Scalars cannot be compared to ints.
>>> sa == 1
Traceback (most recent call last):
...
TypeError: Can't compare Dimension to other types.


Scalars cannot be compared to floats.
>>> sb == 1.0
Traceback (most recent call last):
...
TypeError: Can't compare Dimension to other types.


Comparing scalars in different frames raises an exception
>>> sc = Dimension(1.0, "C")
>>> sa == sc
Traceback (most recent call last):
...
AssertionError: Frames differ

Comparisons
===========

Scalars compare for equality, with the usual cautions about comparing floats to ints
>>> sa == sb
True

Scalars order
>>> sd = Dimension(2.0, "A")
>>> sa < sd
True

Floating point positive and negative zero equality
>>> sZero = Dimension(0.0, "A")
>>> sNegZero = Dimension(-0.0, "A")
>>> sZero == sNegZero
True

Tiny numbers are not equal to zero
>>> sTiny = Dimension(0.00000000000000000001, "A")
>>> sTiny == sZero
False

Tiny numbers are near(zero) within epsilon defined in framedGeometry
>>> sTiny.near(sZero)
True


Math
====

Dimensions in the same frame divide, yielding a dimensionless ratio!
>>> sa / sb
1.0

Dimensions in the same frame multiply, yielding a Dimension!
>>> sa * sb
Dimension(1.0, 'A')


Dimensions in different frames do not divide.
>>> sa / sc
Traceback (most recent call last):
...
AssertionError: Frames differ

Dimensions in different frames do not multiply.
>>> sa * sc
Traceback (most recent call last):
...
AssertionError: Frames differ


Dimension divide by undimensioned, pure numbers, yielding a Dimension.
>>> sa / 2
Dimension(0.5, 'A')

Dimension multiply by undimensioned, pure numbers, yielding a Dimension.
>>> sa * 2
Dimension(2, 'A')
